--------------------------------------------------------------------------------
Release 14.6 Trace  (nt64)
Copyright (c) 1995-2013 Xilinx, Inc.  All rights reserved.

C:\Xilinx\14.6\ISE_DS\ISE\bin\nt64\unwrapped\trce.exe -intstyle ise -v 3 -s 4
-n 3 -fastpaths -xml passkeyEntry.twx passkeyEntry.ncd -o passkeyEntry.twr
passkeyEntry.pcf -ucf constraints.ucf

Design file:              passkeyEntry.ncd
Physical constraint file: passkeyEntry.pcf
Device,package,speed:     xc3s500e,fg320,-4 (PRODUCTION 1.27 2013-06-08)
Report level:             verbose report

Environment Variable      Effect 
--------------------      ------ 
NONE                      No environment variables were set
--------------------------------------------------------------------------------

INFO:Timing:2698 - No timing constraints found, doing default enumeration.
INFO:Timing:3412 - To improve timing, see the Timing Closure User Guide (UG612).
INFO:Timing:2752 - To get complete path coverage, use the unconstrained paths 
   option. All paths that are not constrained will be reported in the 
   unconstrained paths section(s) of the report.
INFO:Timing:3339 - The clock-to-out numbers in this timing report are based on 
   a 50 Ohm transmission line loading model.  For the details of this model, 
   and for more information on accounting for different loading conditions, 
   please see the device datasheet.
INFO:Timing:3390 - This architecture does not support a default System Jitter 
   value, please add SYSTEM_JITTER constraint to the UCF to modify the Clock 
   Uncertainty calculation.
INFO:Timing:3389 - This architecture does not support 'Discrete Jitter' and 
   'Phase Error' calculations, these terms will be zero in the Clock 
   Uncertainty calculation.  Please make appropriate modification to 
   SYSTEM_JITTER to account for the unsupported Discrete Jitter and Phase 
   Error.



Data Sheet report:
-----------------
All values displayed in nanoseconds (ns)

Clock CLK to Pad
------------+------------+------------------+--------+
            | clk (edge) |                  | Clock  |
Destination |   to PAD   |Internal Clock(s) | Phase  |
------------+------------+------------------+--------+
BUZZ        |    9.547(R)|CLK_BUFGP         |   0.000|
CATHODES<1> |   12.484(R)|CLK_BUFGP         |   0.000|
CATHODES<2> |   13.212(R)|CLK_BUFGP         |   0.000|
CATHODES<3> |   12.901(R)|CLK_BUFGP         |   0.000|
CATHODES<4> |   13.506(R)|CLK_BUFGP         |   0.000|
CATHODES<5> |   13.775(R)|CLK_BUFGP         |   0.000|
CATHODES<6> |   13.156(R)|CLK_BUFGP         |   0.000|
CATHODES<7> |   13.719(R)|CLK_BUFGP         |   0.000|
------------+------------+------------------+--------+

Clock to Setup on destination clock CLK
---------------+---------+---------+---------+---------+
               | Src:Rise| Src:Fall| Src:Rise| Src:Fall|
Source Clock   |Dest:Rise|Dest:Rise|Dest:Fall|Dest:Fall|
---------------+---------+---------+---------+---------+
CLK            |    5.061|         |         |         |
ROWS<0>        |    4.263|    4.263|         |         |
ROWS<1>        |    3.039|    3.599|         |         |
ROWS<2>        |    3.216|    3.599|         |         |
ROWS<3>        |    3.487|    3.599|         |         |
---------------+---------+---------+---------+---------+

Clock to Setup on destination clock ROWS<0>
---------------+---------+---------+---------+---------+
               | Src:Rise| Src:Fall| Src:Rise| Src:Fall|
Source Clock   |Dest:Rise|Dest:Rise|Dest:Fall|Dest:Fall|
---------------+---------+---------+---------+---------+
ROWS<0>        |         |         |    1.638|    1.638|
ROWS<1>        |         |         |   -0.122|   -0.122|
ROWS<2>        |         |         |   -0.180|   -0.180|
ROWS<3>        |         |         |    1.753|    1.753|
---------------+---------+---------+---------+---------+

Clock to Setup on destination clock ROWS<1>
---------------+---------+---------+---------+---------+
               | Src:Rise| Src:Fall| Src:Rise| Src:Fall|
Source Clock   |Dest:Rise|Dest:Rise|Dest:Fall|Dest:Fall|
---------------+---------+---------+---------+---------+
ROWS<0>        |         |         |    2.617|    2.617|
ROWS<1>        |         |         |    0.857|    0.857|
ROWS<2>        |         |         |    0.799|    0.799|
ROWS<3>        |         |         |    2.732|    2.732|
---------------+---------+---------+---------+---------+

Clock to Setup on destination clock ROWS<2>
---------------+---------+---------+---------+---------+
               | Src:Rise| Src:Fall| Src:Rise| Src:Fall|
Source Clock   |Dest:Rise|Dest:Rise|Dest:Fall|Dest:Fall|
---------------+---------+---------+---------+---------+
ROWS<0>        |         |         |    2.475|    2.475|
ROWS<1>        |         |         |    0.715|    0.715|
ROWS<2>        |         |         |    0.657|    0.657|
ROWS<3>        |         |         |    2.590|    2.590|
---------------+---------+---------+---------+---------+

Clock to Setup on destination clock ROWS<3>
---------------+---------+---------+---------+---------+
               | Src:Rise| Src:Fall| Src:Rise| Src:Fall|
Source Clock   |Dest:Rise|Dest:Rise|Dest:Fall|Dest:Fall|
---------------+---------+---------+---------+---------+
ROWS<0>        |         |         |    2.258|    2.258|
ROWS<1>        |         |         |    0.498|    0.498|
ROWS<2>        |         |         |    0.440|    0.440|
ROWS<3>        |         |         |    2.373|    2.373|
---------------+---------+---------+---------+---------+


Analysis completed Tue Dec 03 18:47:23 2013 
--------------------------------------------------------------------------------

Trace Settings:
-------------------------
Trace Settings 

Peak Memory Usage: 168 MB



